// Jest Snapshot v1, https://jestjs.io/docs/snapshot-testing

exports[`button should create a button with the correct properties 1`] = `
{
  "action_id": "action_id",
  "style": "primary",
  "text": {
    "text": "Click me",
    "type": "plain_text",
  },
  "type": "button",
  "value": "value",
}
`;
